{"type":"server-started","port":56240,"host":"127.0.0.1","url_host":"localhost","url":"http://localhost:56240","screen_dir":"/Users/poney53/Documents/Projets/loopstat/.superpowers/brainstorm/80851-1779047129/content","state_dir":"/Users/poney53/Documents/Projets/loopstat/.superpowers/brainstorm/80851-1779047129/state"}
{"type":"screen-added","file":"/Users/poney53/Documents/Projets/loopstat/.superpowers/brainstorm/80851-1779047129/content/welcome.html"}
{"type":"screen-updated","file":"/Users/poney53/Documents/Projets/loopstat/.superpowers/brainstorm/80851-1779047129/content/welcome.html"}
{"type":"screen-added","file":"/Users/poney53/Documents/Projets/loopstat/.superpowers/brainstorm/80851-1779047129/content/color-direction.html"}
{"type":"screen-updated","file":"/Users/poney53/Documents/Projets/loopstat/.superpowers/brainstorm/80851-1779047129/content/color-direction.html"}
{"source":"user-event","type":"click","text":"Atmosphère mauve / violet\n        CTA violet · Spotify green réservé au bouton \"Continuer avec Spotify\"\n      \n    \n    \n      A — Nébuleuse violet\n      On embrasse l'identité actuelle (dark + radial mauve), violet devient LA couleur de marque. Spotify green démoté à son rôle officiel : un bouton \"Continuer avec Spotify\". Personnalité distincte, plus poétique. Aligne avec les couleurs de perso Premium déjà en place.","choice":"a","id":null,"timestamp":1779047197856}
{"type":"screen-added","file":"/Users/poney53/Documents/Projets/loopstat/.superpowers/brainstorm/80851-1779047129/content/structure.html"}
{"type":"screen-updated","file":"/Users/poney53/Documents/Projets/loopstat/.superpowers/brainstorm/80851-1779047129/content/structure.html"}
{"source":"user-event","type":"click","text":"┌─ Logo · navbar ──────────┐\n      \n        Ton Spotify,en chiffres.\n        Tops, historique, listening clock — toutes tes stats.\n        Se connecter avec Spotify →\n      \n      Footer légal\n    \n    \n      A — Hero pur (actuel, mais propre)\n      Une seule vue, centrée, message + CTA. Comme aujourd'hui, en mieux exécuté (palette unifiée, typo). 1 écran = 1 décision. Risque : ne dit rien du produit, mise sur la curiosité.","choice":"a","id":null,"timestamp":1779047247849}
{"type":"screen-added","file":"/Users/poney53/Documents/Projets/loopstat/.superpowers/brainstorm/80851-1779047129/content/typography.html"}
{"type":"screen-updated","file":"/Users/poney53/Documents/Projets/loopstat/.superpowers/brainstorm/80851-1779047129/content/typography.html"}
{"source":"user-event","type":"click","text":"Ton Spotify,en chiffres.\n      \n      \n        Tops, historique d'écoute, listening clock — toutes tes stats Spotify, gratuites et sans pub.\n      \n      \n        Se connecter avec Spotify\n      \n    \n    \n      A — Sans-serif moderne (Inter bold)\n      Inter 700, dense, légèrement tracking serré. Vibe SaaS contemporain (Linear, Vercel, Stripe). Sobre, lisible, neutre. Risque : \"indistinct\" au milieu de tous les outils SaaS qui font pareil.","choice":"a","id":null,"timestamp":1779047284686}
{"type":"screen-added","file":"/Users/poney53/Documents/Projets/loopstat/.superpowers/brainstorm/80851-1779047129/content/cta.html"}
{"type":"screen-updated","file":"/Users/poney53/Documents/Projets/loopstat/.superpowers/brainstorm/80851-1779047129/content/cta.html"}
{"source":"user-event","type":"click","text":"Ton Spotify, en chiffres.\n      Tops, historique d'écoute, listening clock — toutes tes stats Spotify, gratuites et sans pub.\n      \n        \n          \n          Continuer avec Spotify\n        \n        Voir un exemple →\n      \n      Gratuit · 30 secondes\n    \n    \n      C — Spotify + lien démo\n      Vert Spotify officiel comme primary, plus un lien secondaire \"Voir un exemple →\" vers un profil public démo (ex: /u/demo). Permet aux curieux de jeter un œil avant de connecter. Très efficace pour réduire la friction d'acquisition.","choice":"c","id":null,"timestamp":1779047360726}
{"type":"screen-added","file":"/Users/poney53/Documents/Projets/loopstat/.superpowers/brainstorm/80851-1779047129/content/waiting.html"}
{"type":"screen-updated","file":"/Users/poney53/Documents/Projets/loopstat/.superpowers/brainstorm/80851-1779047129/content/waiting.html"}
{"type":"screen-added","file":"/Users/poney53/Documents/Projets/loopstat/.superpowers/brainstorm/80851-1779047129/content/final-design.html"}
{"type":"screen-updated","file":"/Users/poney53/Documents/Projets/loopstat/.superpowers/brainstorm/80851-1779047129/content/final-design.html"}
{"type":"screen-added","file":"/Users/poney53/Documents/Projets/loopstat/.superpowers/brainstorm/80851-1779047129/content/spec-written.html"}
{"type":"server-stopped","reason":"idle timeout"}
