{"type":"server-started","port":57328,"host":"127.0.0.1","url_host":"localhost","url":"http://localhost:57328","screen_dir":"/Users/poney53/Documents/Projets/loopstat/.superpowers/brainstorm/4246-1779735732/content","state_dir":"/Users/poney53/Documents/Projets/loopstat/.superpowers/brainstorm/4246-1779735732/state"}
{"type":"screen-added","file":"/Users/poney53/Documents/Projets/loopstat/.superpowers/brainstorm/4246-1779735732/content/sections.html"}
{"type":"screen-updated","file":"/Users/poney53/Documents/Projets/loopstat/.superpowers/brainstorm/4246-1779735732/content/sections.html"}
{"type":"screen-updated","file":"/Users/poney53/Documents/Projets/loopstat/.superpowers/brainstorm/4246-1779735732/content/sections.html"}
{"source":"user-event","type":"click","text":"1\n    \n      Hero enrichi (photo + stats badges)\n      Grande photo, nom artiste, + badges sous le nom : rang dans ton top, % du total écoute, première / dernière écoute, années-écoute. Plus impressionnant que le hero actuel qui n'a que le nombre d'écoutes.","choice":"hero","id":null,"timestamp":1779735827934}
{"source":"user-event","type":"click","text":"1\n    \n      Hero enrichi (photo + stats badges)\n      Grande photo, nom artiste, + badges sous le nom : rang dans ton top, % du total écoute, première / dernière écoute, années-écoute. Plus impressionnant que le hero actuel qui n'a que le nombre d'écoutes.","choice":"hero","id":null,"timestamp":1779735829436}
{"source":"user-event","type":"click","text":"1\n    \n      Hero enrichi (photo + stats badges)\n      Grande photo, nom artiste, + badges sous le nom : rang dans ton top, % du total écoute, première / dernière écoute, années-écoute. Plus impressionnant que le hero actuel qui n'a que le nombre d'écoutes.","choice":"hero","id":null,"timestamp":1779735829953}
{"source":"user-event","type":"click","text":"1\n    \n      Hero enrichi (photo + stats badges)\n      Grande photo, nom artiste, + badges sous le nom : rang dans ton top, % du total écoute, première / dernière écoute, années-écoute. Plus impressionnant que le hero actuel qui n'a que le nombre d'écoutes.","choice":"hero","id":null,"timestamp":1779735831614}
{"source":"user-event","type":"click","text":"1\n    \n      Hero enrichi (photo + stats badges)\n      Grande photo, nom artiste, + badges sous le nom : rang dans ton top, % du total écoute, première / dernière écoute, années-écoute. Plus impressionnant que le hero actuel qui n'a que le nombre d'écoutes.","choice":"hero","id":null,"timestamp":1779735832318}
{"source":"user-event","type":"click","text":"4\n    \n      Évolution mensuelle (sparkline)\n      Combien d'écoutes par mois sur 18 mois. Révèle les pics : \"tu l'écoutais beaucoup en mars 2025\". Composant SparklineMonthly existe déjà.","choice":"monthly","id":null,"timestamp":1779735843624}
{"source":"user-event","type":"click","text":"8\n    \n      Artistes connexes (co-écoutés)\n      Top 5 artistes que tu écoutes souvent dans la même session/journée que celui-ci. NOUVELLE QUERY à écrire — pas de composant existant à réutiliser. Effort technique +.","choice":"related","id":null,"timestamp":1779735851574}
{"source":"user-event","type":"click","text":"3\n    \n      Top albums de l'artiste\n      Cards horizontales des albums de cet artiste ordonné par tes écoutes (carousel comme sur /album/[id]). Permet de naviguer vers les pages album.","choice":"top-albums","id":null,"timestamp":1779735859103}
{"source":"user-event","type":"click","text":"2\n    \n      Top tracks (existant, à garder)\n      Liste rangée des titres les + écoutés de cet artiste avec covers. Déjà en place. On peut bumper la limite (10 → 20 ?).","choice":"top-tracks","id":null,"timestamp":1779735863819}
{"source":"user-event","type":"click","text":"5\n    \n      Par période (4w / 6m / 1y / all)\n      Grid des écoutes par fenêtre temporelle. Cohérent avec /track et /album. Composant PeriodBreakdownGrid existe.","choice":"period","id":null,"timestamp":1779735873987}
{"source":"user-event","type":"click","text":"5\n    \n      Par période (4w / 6m / 1y / all)\n      Grid des écoutes par fenêtre temporelle. Cohérent avec /track et /album. Composant PeriodBreakdownGrid existe.","choice":"period","id":null,"timestamp":1779735876962}
{"source":"user-event","type":"click","text":"5\n    \n      Par période (4w / 6m / 1y / all)\n      Grid des écoutes par fenêtre temporelle. Cohérent avec /track et /album. Composant PeriodBreakdownGrid existe.","choice":"period","id":null,"timestamp":1779735881272}
{"source":"user-event","type":"click","text":"5\n    \n      Par période (4w / 6m / 1y / all)\n      Grid des écoutes par fenêtre temporelle. Cohérent avec /track et /album. Composant PeriodBreakdownGrid existe.","choice":"period","id":null,"timestamp":1779735884224}
{"type":"screen-updated","file":"/Users/poney53/Documents/Projets/loopstat/.superpowers/brainstorm/4246-1779735732/content/sections.html"}
{"type":"screen-added","file":"/Users/poney53/Documents/Projets/loopstat/.superpowers/brainstorm/4246-1779735732/content/hero.html"}
{"type":"screen-updated","file":"/Users/poney53/Documents/Projets/loopstat/.superpowers/brainstorm/4246-1779735732/content/hero.html"}
{"type":"screen-updated","file":"/Users/poney53/Documents/Projets/loopstat/.superpowers/brainstorm/4246-1779735732/content/hero.html"}
{"type":"screen-updated","file":"/Users/poney53/Documents/Projets/loopstat/.superpowers/brainstorm/4246-1779735732/content/hero.html"}
{"source":"user-event","type":"click","text":"Artiste\n          Sabrina Carpenter\n          Découvert il y a 2 ans 10 moisDernière écoute il y a 2 jours\n        \n        \n          12%\n          de ton temps\n        \n      \n    \n    \n      C — Editorial split (gros chiffre)\n      Layout grid 3 colonnes : avatar (144px) à gauche, infos textuelles au centre, gros chiffre proéminent à droite (% du temps). Le chiffre fait l'effet \"wow\". Les autres stats sont en texte plutôt qu'en badges chips. Plus éditorial, comme une page de magazine.","choice":"c","id":null,"timestamp":1779735969629}
{"type":"screen-added","file":"/Users/poney53/Documents/Projets/loopstat/.superpowers/brainstorm/4246-1779735732/content/waiting.html"}
{"type":"screen-updated","file":"/Users/poney53/Documents/Projets/loopstat/.superpowers/brainstorm/4246-1779735732/content/waiting.html"}
{"type":"screen-updated","file":"/Users/poney53/Documents/Projets/loopstat/.superpowers/brainstorm/4246-1779735732/content/waiting.html"}
{"type":"screen-updated","file":"/Users/poney53/Documents/Projets/loopstat/.superpowers/brainstorm/4246-1779735732/content/waiting.html"}
{"type":"server-stopped","reason":"idle timeout"}
