{"type":"server-started","port":60865,"host":"127.0.0.1","url_host":"localhost","url":"http://localhost:60865","screen_dir":"/Users/poney53/Documents/Projets/loopstat/.superpowers/brainstorm/60060-1779026976/content","state_dir":"/Users/poney53/Documents/Projets/loopstat/.superpowers/brainstorm/60060-1779026976/state"}
{"type":"screen-added","file":"/Users/poney53/Documents/Projets/loopstat/.superpowers/brainstorm/60060-1779026976/content/formats.html"}
{"type":"screen-updated","file":"/Users/poney53/Documents/Projets/loopstat/.superpowers/brainstorm/60060-1779026976/content/formats.html"}
{"source":"user-event","type":"click","text":"A\n    \n      \n        \n          Judescha\n          1Track name\n          2Track name\n          3Track name\n          loopstat.tech/u/judescha\n        \n        \n          Twitter / OG (1200×630)\n          Ratio 1.91:1. Standard link previews (Twitter, Discord, LinkedIn, iMessage). Top 3-5 max","choice":"twitter","id":null,"timestamp":1779027261697}
{"source":"user-event","type":"click","text":"C\n    \n      \n        \n          Judescha\n          1Track\n          2Track\n          3Track\n          4Track\n          5Track\n          6Track\n          7Track\n          8Track\n          9Track\n          10Track\n          loopstat.tech/u/judescha\n        \n        \n          Insta Story (1080×1920)\n          Ratio 9:16 vertical. Story Insta, TikTok, Snapchat. Top 10 confortable","choice":"story","id":null,"timestamp":1779027262377}
{"source":"user-event","type":"click","text":"C\n    \n      \n        \n          Judescha\n          1Track\n          2Track\n          3Track\n          4Track\n          5Track\n          6Track\n          7Track\n          8Track\n          9Track\n          10Track\n          loopstat.tech/u/judescha\n        \n        \n          Insta Story (1080×1920)\n          Ratio 9:16 vertical. Story Insta, TikTok, Snapchat. Top 10 confortable","choice":"story","id":null,"timestamp":1779027275038}
{"source":"user-event","type":"click","text":"A\n    \n      \n        \n          Judescha\n          1Track name\n          2Track name\n          3Track name\n          loopstat.tech/u/judescha\n        \n        \n          Twitter / OG (1200×630)\n          Ratio 1.91:1. Standard link previews (Twitter, Discord, LinkedIn, iMessage). Top 3-5 max","choice":"twitter","id":null,"timestamp":1779027276288}
{"source":"user-event","type":"click","text":"A\n    \n      \n        \n          Judescha\n          1Track name\n          2Track name\n          3Track name\n          loopstat.tech/u/judescha\n        \n        \n          Twitter / OG (1200×630)\n          Ratio 1.91:1. Standard link previews (Twitter, Discord, LinkedIn, iMessage). Top 3-5 max","choice":"twitter","id":null,"timestamp":1779027284575}
{"source":"user-event","type":"click","text":"B\n    \n      \n        \n          Judescha\n          1Track\n          2Track\n          3Track\n          4Track\n          5Track\n          loopstat.tech/u/judescha\n        \n        \n          Insta Post (1080×1080)\n          Ratio carré. Feed Instagram, post Twitter, avatar Discord. Top 5-7","choice":"post","id":null,"timestamp":1779027285917}
{"source":"user-event","type":"click","text":"C\n    \n      \n        \n          Judescha\n          1Track\n          2Track\n          3Track\n          4Track\n          5Track\n          6Track\n          7Track\n          8Track\n          9Track\n          10Track\n          loopstat.tech/u/judescha\n        \n        \n          Insta Story (1080×1920)\n          Ratio 9:16 vertical. Story Insta, TikTok, Snapchat. Top 10 confortable","choice":"story","id":null,"timestamp":1779027286820}
{"type":"screen-added","file":"/Users/poney53/Documents/Projets/loopstat/.superpowers/brainstorm/60060-1779026976/content/backgrounds.html"}
{"type":"screen-updated","file":"/Users/poney53/Documents/Projets/loopstat/.superpowers/brainstorm/60060-1779026976/content/backgrounds.html"}
{"source":"user-event","type":"click","text":"Judescha\n      \n        1Track 1\n        2Track 2\n        3Track 3\n      \n      loopstat.tech\n    \n    A — Mesh gradientViolet × magenta × cyan","choice":"mesh","id":null,"timestamp":1779027380291}
{"source":"user-event","type":"click","text":"Judescha\n        \n          1Track 1\n          2Track 2\n          3Track 3\n        \n        loopstat.tech\n      \n    \n    D — Mur de pochettesCohérent avec le dashboard, perso à l'utilisateur","choice":"wall","id":null,"timestamp":1779027381160}
{"type":"screen-added","file":"/Users/poney53/Documents/Projets/loopstat/.superpowers/brainstorm/60060-1779026976/content/waiting.html"}
{"type":"screen-updated","file":"/Users/poney53/Documents/Projets/loopstat/.superpowers/brainstorm/60060-1779026976/content/waiting.html"}
{"type":"screen-added","file":"/Users/poney53/Documents/Projets/loopstat/.superpowers/brainstorm/60060-1779026976/content/share-layout.html"}
{"type":"screen-updated","file":"/Users/poney53/Documents/Projets/loopstat/.superpowers/brainstorm/60060-1779026976/content/share-layout.html"}
{"type":"screen-added","file":"/Users/poney53/Documents/Projets/loopstat/.superpowers/brainstorm/60060-1779026976/content/spec-writing.html"}
{"type":"screen-updated","file":"/Users/poney53/Documents/Projets/loopstat/.superpowers/brainstorm/60060-1779026976/content/spec-writing.html"}
{"type":"server-stopped","reason":"idle timeout"}
