{"type":"server-started","port":57894,"host":"127.0.0.1","url_host":"localhost","url":"http://localhost:57894","screen_dir":"/Users/poney53/Documents/Projets/loopstat/.superpowers/brainstorm/21756-1778878924/content","state_dir":"/Users/poney53/Documents/Projets/loopstat/.superpowers/brainstorm/21756-1778878924/state"}
{"type":"screen-added","file":"/Users/poney53/Documents/Projets/loopstat/.superpowers/brainstorm/21756-1778878924/content/waveform-style.html"}
{"type":"screen-updated","file":"/Users/poney53/Documents/Projets/loopstat/.superpowers/brainstorm/21756-1778878924/content/waveform-style.html"}
{"type":"screen-added","file":"/Users/poney53/Documents/Projets/loopstat/.superpowers/brainstorm/21756-1778878924/content/atmospheric-options.html"}
{"type":"screen-updated","file":"/Users/poney53/Documents/Projets/loopstat/.superpowers/brainstorm/21756-1778878924/content/atmospheric-options.html"}
{"type":"screen-added","file":"/Users/poney53/Documents/Projets/loopstat/.superpowers/brainstorm/21756-1778878924/content/distinctive-options.html"}
{"type":"screen-updated","file":"/Users/poney53/Documents/Projets/loopstat/.superpowers/brainstorm/21756-1778878924/content/distinctive-options.html"}
{"source":"user-event","type":"click","text":"écoutes2 456\n    \n    \n      C · Mur d'albums (Wrapped vibe)\n      Grille des pochettes de l'utilisateur, légèrement inclinée, traitée luminosity + tint cyan/magenta. Très personnel, change selon les goûts. Style Spotify Wrapped.","choice":"albumwall","id":null,"timestamp":1778879335481}
{"source":"user-event","type":"click","text":"écoutes2 456\n    \n    \n      C · Mur d'albums (Wrapped vibe)\n      Grille des pochettes de l'utilisateur, légèrement inclinée, traitée luminosity + tint cyan/magenta. Très personnel, change selon les goûts. Style Spotify Wrapped.","choice":"albumwall","id":null,"timestamp":1778879337068}
{"type":"screen-added","file":"/Users/poney53/Documents/Projets/loopstat/.superpowers/brainstorm/21756-1778878924/content/waiting.html"}
{"type":"screen-updated","file":"/Users/poney53/Documents/Projets/loopstat/.superpowers/brainstorm/21756-1778878924/content/waiting.html"}
{"type":"screen-updated","file":"/Users/poney53/Documents/Projets/loopstat/.superpowers/brainstorm/21756-1778878924/content/atmospheric-options.html"}
{"type":"screen-updated","file":"/Users/poney53/Documents/Projets/loopstat/.superpowers/brainstorm/21756-1778878924/content/atmospheric-options.html"}
{"type":"screen-updated","file":"/Users/poney53/Documents/Projets/loopstat/.superpowers/brainstorm/21756-1778878924/content/atmospheric-options.html"}
{"type":"screen-added","file":"/Users/poney53/Documents/Projets/loopstat/.superpowers/brainstorm/21756-1778878924/content/palette-mono.html"}
{"type":"screen-updated","file":"/Users/poney53/Documents/Projets/loopstat/.superpowers/brainstorm/21756-1778878924/content/palette-mono.html"}
{"type":"screen-added","file":"/Users/poney53/Documents/Projets/loopstat/.superpowers/brainstorm/21756-1778878924/content/lavender-shades.html"}
{"type":"screen-updated","file":"/Users/poney53/Documents/Projets/loopstat/.superpowers/brainstorm/21756-1778878924/content/lavender-shades.html"}
{"source":"user-event","type":"click","text":"loopstat\n        Tableau de bord\n        Top titres\n        Top artistes\n        Réglages\n      \n      \n        \n          écoutes\n          2 456\n        \n        Se connecter avec Spotify\n      \n    \n    \n      4 · Royal (#7c3aed · texte blanc)\n      Violet riche, profond — ici le texte sur l'accent passe en blanc (le noir serait trop dur). Maximum de punch, plus \"brand\".","choice":"deep","id":null,"timestamp":1778881884348}
{"source":"user-event","type":"click","text":"loopstat\n        Tableau de bord\n        Top titres\n        Top artistes\n        Réglages\n      \n      \n        \n          écoutes\n          2 456\n        \n        Se connecter avec Spotify\n      \n    \n    \n      4 · Royal (#7c3aed · texte blanc)\n      Violet riche, profond — ici le texte sur l'accent passe en blanc (le noir serait trop dur). Maximum de punch, plus \"brand\".","choice":"deep","id":null,"timestamp":1778881885731}
{"source":"user-event","type":"click","text":"loopstat\n        Tableau de bord\n        Top titres\n        Top artistes\n        Réglages\n      \n      \n        \n          écoutes\n          2 456\n        \n        Se connecter avec Spotify\n      \n    \n    \n      4 · Royal (#7c3aed · texte blanc)\n      Violet riche, profond — ici le texte sur l'accent passe en blanc (le noir serait trop dur). Maximum de punch, plus \"brand\".","choice":"deep","id":null,"timestamp":1778881895736}
{"source":"user-event","type":"click","text":"loopstat\n        Tableau de bord\n        Top titres\n        Top artistes\n        Réglages\n      \n      \n        \n          écoutes\n          2 456\n        \n        Se connecter avec Spotify\n      \n    \n    \n      4 · Royal (#7c3aed · texte blanc)\n      Violet riche, profond — ici le texte sur l'accent passe en blanc (le noir serait trop dur). Maximum de punch, plus \"brand\".","choice":"deep","id":null,"timestamp":1778881896936}
{"source":"user-event","type":"click","text":"loopstat\n        Tableau de bord\n        Top titres\n        Top artistes\n        Réglages\n      \n      \n        \n          écoutes\n          2 456\n        \n        Se connecter avec Spotify\n      \n    \n    \n      4 · Royal (#7c3aed · texte blanc)\n      Violet riche, profond — ici le texte sur l'accent passe en blanc (le noir serait trop dur). Maximum de punch, plus \"brand\".","choice":"deep","id":null,"timestamp":1778881899381}
{"type":"server-stopped","reason":"owner process exited"}
